
hello_i386.elf:	file format elf32-i386

Disassembly of section .text:

00000000 <.text>:
       0: e9 17 00 00 00               	jmp	0x1c <.text+0x1c>
       5: 00 00                        	addb	%al, (%eax)
       7: 00 0a                        	addb	%cl, (%edx)
       9: 00 00                        	addb	%al, (%eax)
       b: 00 0b                        	addb	%cl, (%ebx)
       d: 00 00                        	addb	%al, (%eax)
       f: 00 0c 00                     	addb	%cl, (%eax,%eax)
      12: 00 00                        	addb	%al, (%eax)
      14: 0d 00 00 00 8b               	orl	$2332033024, %eax       # imm = 0x8B000000
      19: 04 24                        	addb	$36, %al
      1b: c3                           	retl
      1c: e8 f7 ff ff ff               	calll	0x18 <.text+0x18>
      21: 81 c0 1f 00 00 00            	addl	$31, %eax
      27: 50                           	pushl	%eax
      28: c3                           	retl
      29: e8 ea ff ff ff               	calll	0x18 <.text+0x18>
      2e: 81 c0 e2 ff ff ff            	addl	$4294967266, %eax       # imm = 0xFFFFFFE2
      34: 8b 00                        	movl	(%eax), %eax
      36: ff e0                        	jmpl	*%eax
      38: cc                           	int3
      39: cc                           	int3
      3a: cc                           	int3
      3b: cc                           	int3
      3c: cc                           	int3
      3d: cc                           	int3
      3e: cc                           	int3
      3f: cc                           	int3
      40: 55                           	pushl	%ebp
      41: 89 e5                        	movl	%esp, %ebp
      43: 53                           	pushl	%ebx
      44: 83 ec 24                     	subl	$36, %esp
      47: e8 00 00 00 00               	calll	0x4c <.text+0x4c>
      4c: 5b                           	popl	%ebx
      4d: 81 c3 b4 ff ff ff            	addl	$4294967220, %ebx       # imm = 0xFFFFFFB4
      53: 89 5d e4                     	movl	%ebx, -28(%ebp)
      56: c7 45 f8 00 00 00 00         	movl	$0, -8(%ebp)
      5d: 8b 83 c8 00 00 00            	movl	200(%ebx), %eax
      63: 89 45 e8                     	movl	%eax, -24(%ebp)
      66: 8b 83 cc 00 00 00            	movl	204(%ebx), %eax
      6c: 89 45 ec                     	movl	%eax, -20(%ebp)
      6f: 8b 83 d0 00 00 00            	movl	208(%ebx), %eax
      75: 89 45 f0                     	movl	%eax, -16(%ebp)
      78: 8b 83 d4 00 00 00            	movl	212(%ebx), %eax
      7e: 89 45 f4                     	movl	%eax, -12(%ebp)
      81: 8d 45 e8                     	leal	-24(%ebp), %eax
      84: c7 04 24 01 00 00 00         	movl	$1, (%esp)
      8b: 89 44 24 04                  	movl	%eax, 4(%esp)
      8f: c7 44 24 08 0f 00 00 00      	movl	$15, 8(%esp)
      97: e8 8d ff ff ff               	calll	0x29 <.text+0x29>
      9c: 8b 5d e4                     	movl	-28(%ebp), %ebx
      9f: 8d 83 d8 00 00 00            	leal	216(%ebx), %eax
      a5: c7 04 24 01 00 00 00         	movl	$1, (%esp)
      ac: 89 44 24 04                  	movl	%eax, 4(%esp)
      b0: c7 44 24 08 04 00 00 00      	movl	$4, 8(%esp)
      b8: e8 6c ff ff ff               	calll	0x29 <.text+0x29>
      bd: b8 65 00 00 00               	movl	$101, %eax
      c2: 83 c4 24                     	addl	$36, %esp
      c5: 5b                           	popl	%ebx
      c6: 5d                           	popl	%ebp
      c7: c3                           	retl
      c8: 48                           	decl	%eax
      c9: 65 6c                        	insb	%dx, %es:(%edi)
      cb: 6c                           	insb	%dx, %es:(%edi)
      cc: 6f                           	outsl	(%esi), %dx
      cd: 20 57 6f                     	andb	%dl, 111(%edi)
      d0: 72 6c                        	jb	0x13e
      d2: 64 21 21                     	andl	%esp, %fs:(%ecx)
      d5: 21 0a                        	andl	%ecx, (%edx)
      d7: 00 48 48                     	addb	%cl, 72(%eax)
      da: 48                           	decl	%eax
      db: 48                           	decl	%eax
      dc: 45                           	incl	%ebp
      dd: 00 00                        	addb	%al, (%eax)
      df: 00 4c 00 00                  	addb	%cl, (%eax,%eax)
      e3: 00 4c 00 00                  	addb	%cl, (%eax,%eax)
      e7: 00 4f 00                     	addb	%cl, (%edi)
      ea: 00 00                        	addb	%al, (%eax)
